{'four': [4.0, 4L], 'nine': [(9.0, 9.0)], 'seven': [(7L, 7L)], 'six': ['six', 6L], 'ten': [(10L, 10L), (10.0, 10.0), (10.0, 10.0), (10.0, 10.0)], 'three': ['three', 3.0], 'two': [2L, 2.0]}
