{'int': [1L, 2L], 'float': [1.0, 2.0], 'string': ['one', 'two']}
