{'Data_type': ['eff'], 'Data_version': [1L], 'Descriptor': ['l1>L1 DATA'], 'Discipline': ['Space Physics>Magnetospheric Science', 'Space Physics>Interplanetary Studies'], 'Instrument_type': ['Electric Fields (space)'], 'Logical_file_id': ['test'], 'Logical_source': ['tha_l1_eff'], 'Logical_source_description': ['Probe Electric Field Instrument, Fast Survey Waveform'], 'Mission_group': ['THEMIS'], 'PI_affiliation': ['UCB and LASP respectively, NASA NAS5-02099'], 'PI_name': ['V. Angelopoulos, J. W. Bonnell, F. S. Mozer and R. E. Ergun'], 'Project': ['themis'], 'Source_name': ['tha>THEMIS Probe A'], 'TEXT': ['Sensor and electronics design provided by UCB (J. W. Bonnell, F. S. Mozer), Digital Fields Board provided by LASP (R. Ergun)']}
{'CATDESC': 'A monotonically increasing series of numbers.', 'FIELDNAM': 'independentData', 'FILLVAL': -2147483648L, 'FORMAT': '%ld', 'LABLAXIS': 'independentData', 'UNITS': 'bars', 'VALIDMAX': 2147483647L, 'VALIDMIN': -2147483648L, 'VAR_TYPE': 'support_data'}
{'CATDESC': 'A series of random numbers in a constrained range.', 'DEPEND_0': 'independentData', 'DISPLAY_TYPE': 'time_series', 'FIELDNAM': 'primaryDependentData', 'FILLVAL': -9.9999999999999996e+30, 'FORMAT': '%Lf', 'LABLAXIS': 'primaryDependentData', 'UNITS': 'foos', 'VALIDMAX': 9.9999999999999996e+30, 'VALIDMIN': -9.9999999999999996e+30, 'VAR_TYPE': 'data'}
{'CATDESC': 'Delta dependentData since last data point.', 'DEPEND_0': 'independentData', 'DISPLAY_TYPE': 'time_series', 'FIELDNAM': 'derivedDependentData', 'FILLVAL': -9.9999999999999996e+30, 'FORMAT': '%Lf', 'LABLAXIS': 'dX (foos)', 'UNITS': 'foos', 'VALIDMAX': 9.9999999999999996e+30, 'VALIDMIN': -9.9999999999999996e+30, 'VAR_TYPE': 'data'}
