{'Discipline': ['Space Physics>Magnetospheric Science', 'Space Physics>Interplanetary Studies'], 'Instrument_type': ['Electric Fields (space)'], 'Mission_group': ['THEMIS'], 'Source_name': ['tha>THEMIS Probe A'], 'Data_type': ['eff'], 'Descriptor': ['l1>L1 DATA'], 'TEXT': ['Sensor and electronics design provided by UCB (J. W. Bonnell, F. S. Mozer), Digital Fields Board provided by LASP (R. Ergun)'], 'Project': ['themis'], 'Data_version': [1L], 'Logical_source_description': ['Probe Electric Field Instrument, Fast Survey Waveform'], 'PI_affiliation': ['UCB and LASP respectively, NASA NAS5-02099'], 'Logical_file_id': ['test'], 'PI_name': ['V. Angelopoulos, J. W. Bonnell, F. S. Mozer and R. E. Ergun'], 'Logical_source': ['tha_l1_eff']}
{'FIELDNAM': 'independentData', 'VAR_TYPE': 'support_data', 'FORMAT': '%ld', 'VALIDMIN': -2147483648L, 'CATDESC': 'A monotonically increasing series of numbers.', 'UNITS': 'bars', 'VALIDMAX': 2147483647L, 'FILLVAL': -2147483648L, 'LABLAXIS': 'independentData'}
{'FIELDNAM': 'primaryDependentData', 'VAR_TYPE': 'data', 'FORMAT': '%Lf', 'VALIDMIN': -9.9999999999999996e+30, 'CATDESC': 'A series of random numbers in a constrained range.', 'UNITS': 'foos', 'DEPEND_0': 'independentData', 'VALIDMAX': 9.9999999999999996e+30, 'DISPLAY_TYPE': 'time_series', 'FILLVAL': -9.9999999999999996e+30, 'LABLAXIS': 'primaryDependentData'}
{'FIELDNAM': 'derivedDependentData', 'VAR_TYPE': 'data', 'FORMAT': '%Lf', 'VALIDMIN': -9.9999999999999996e+30, 'CATDESC': 'Delta dependentData since last data point.', 'UNITS': 'foos', 'DEPEND_0': 'independentData', 'VALIDMAX': 9.9999999999999996e+30, 'DISPLAY_TYPE': 'time_series', 'FILLVAL': -9.9999999999999996e+30, 'LABLAXIS': 'dX (foos)'}
