['foo', 'bar']
[1, 2, 3, 4, 5]
['a', 'b', 'see', 'd', 'e']
{'Description': ['A test archive in Common Data Format']}
{'Creation order': 'two'}
