{'epoch': ['1970-01-01T00:00:00', '1970-01-01T00:00:00'], 'decades': [['1910-01-01T00:00:00', '1919-12-31T23:59:59'], ['2010-01-01T00:00:00', '2019-12-31T23:59:59']]}
{'epoch': ['1970-01-01T00:00:00', '1970-01-01T00:00:00'], 'decades': [['1910-01-01T00:00:00', '1919-12-31T23:59:59'], ['2010-01-01T00:00:00', '2019-12-31T23:59:59']]}
We are definitely existing after the start of the unix epoch.
