[record([1, 2]), record([2, 3]), record([3, 4]), record([4, 5]), record([5, 6])]
['a', 'b', 'see', 'd', 'e']
