{'int': 'true', 'min': 1L}
{'int': 'false', 'max': 151.30000000000001}
{'int': 'true', 'min': 1L}
{'int': 'false', 'max': 151.30000000000001, 'min': 151.15000000000001}
