{'int': 'true', 'min': 1L}
{'int': 'false', 'max': 151.30000000000001}
